// Jest Snapshot v1, https://goo.gl/fbAQLP

exports[`Prueba para GiftItem Debe hacer match con snapshot  1`] = `
<div>
  <div
    class="card"
  >
    <img
      alt="One Punch"
      src="https://onepunch.com/image.jpg"
    />
    <p>
      One Punch
    </p>
  </div>
</div>
`;
